// Jest Snapshot v1, https://goo.gl/fbAQLP

exports[`App component renders App 1`] = `
  <Fragment>
    <Header />
    <FormURLAndMethods
      URLHandler={[Function]}
      methodHandler={[Function]}
      sendBodyToState={[Function]}
      sendTextToState={[Function]}
    />
    <FormURLAndMethods />
    <History
      history={Array []}
    />
    <Results
      someJson={Array []}
    />
  </Fragment>
`;
